{
  "exclude": {
    "files": "go.*|^.secrets.baseline$",
    "lines": null
  },
  "generated_at": "2026-08-13T12:00:34Z",
  "plugins_used": [
    {
      "name": "AWSKeyDetector"
    },
    {
      "name": "ArtifactoryDetector"
    },
    {
      "name": "AzureStorageKeyDetector"
    },
    {
      "base64_limit": 4.5,
      "name": "Base64HighEntropyString"
    },
    {
      "name": "BasicAuthDetector"
    },
    {
      "name": "CloudantDetector"
    },
    {
      "ghe_instance": "github.ibm.com",
      "name": "GheDetector"
    },
    {
      "name": "GitHubTokenDetector"
    },
    {
      "hex_limit": 3,
      "name": "HexHighEntropyString"
    },
    {
      "name": "IbmCloudIamDetector"
    },
    {
      "name": "IbmCosHmacDetector"
    },
    {
      "name": "JwtTokenDetector"
    },
    {
      "keyword_exclude": null,
      "name": "KeywordDetector"
    },
    {
      "name": "MailchimpDetector"
    },
    {
      "name": "NpmDetector"
    },
    {
      "name": "PrivateKeyDetector"
    },
    {
      "name": "SlackDetector"
    },
    {
      "name": "SoftlayerDetector"
    },
    {
      "name": "SquareOAuthDetector"
    },
    {
      "name": "StripeDetector"
    },
    {
      "name": "TwilioKeyDetector"
    }
  ],
  "results": {
    "POLICIES.md": [
      {
        "hashed_secret": "ad5781cc8192e1e8247b3174bb14b2177c16d71c",
        "is_secret": false,
        "is_verified": false,
        "line_number": 187,
        "type": "Secret Keyword",
        "verified_result": null
      },
      {
        "hashed_secret": "f05daf771fbe81de9b0cb90037537dbd523574d0",
        "is_secret": false,
        "is_verified": false,
        "line_number": 189,
        "type": "Secret Keyword",
        "verified_result": null
      },
      {
        "hashed_secret": "05baadf86b23d3dafaf432263a7cf24d0287a350",
        "is_secret": false,
        "is_verified": false,
        "line_number": 246,
        "type": "Secret Keyword",
        "verified_result": null
      },
      {
        "hashed_secret": "13010f67cb54ac2a32bc6c4a5a7ab38133a11fa8",
        "is_secret": false,
        "is_verified": false,
        "line_number": 249,
        "type": "Secret Keyword",
        "verified_result": null
      }
    ],
    "scripts/env.sh": [
      {
        "hashed_secret": "2fcdc9b030c9199335a70152a475676b0413cb5c",
        "is_secret": false,
        "is_verified": false,
        "line_number": 10,
        "type": "Secret Keyword",
        "verified_result": null
      }
    ],
    "test/e2e/testdata/clusterimagepolicy/allow-signed.yaml": [
      {
        "hashed_secret": "842aead05193389c5dcae32d145726af222a1d8e",
        "is_secret": false,
        "is_verified": false,
        "line_number": 12,
        "type": "Secret Keyword",
        "verified_result": null
      }
    ],
    "test/e2e/testdata/clusterimagepolicy/simple-remap.yaml": [
      {
        "hashed_secret": "842aead05193389c5dcae32d145726af222a1d8e",
        "is_secret": false,
        "is_verified": false,
        "line_number": 12,
        "type": "Secret Keyword",
        "verified_result": null
      }
    ],
    "test/e2e/testdata/clusterimagepolicy/simple-signedby1-keysecret-namespace-override.yaml": [
      {
        "hashed_secret": "0c70ff9d64093a7a37b4b4f46c1bab443ddb7fe0",
        "is_secret": false,
        "is_verified": false,
        "line_number": 11,
        "type": "Secret Keyword",
        "verified_result": null
      },
      {
        "hashed_secret": "842aead05193389c5dcae32d145726af222a1d8e",
        "is_secret": false,
        "is_verified": false,
        "line_number": 15,
        "type": "Secret Keyword",
        "verified_result": null
      }
    ],
    "test/e2e/testdata/clusterimagepolicy/simple-signedby1.yaml": [
      {
        "hashed_secret": "0c70ff9d64093a7a37b4b4f46c1bab443ddb7fe0",
        "is_secret": false,
        "is_verified": false,
        "line_number": 11,
        "type": "Secret Keyword",
        "verified_result": null
      },
      {
        "hashed_secret": "842aead05193389c5dcae32d145726af222a1d8e",
        "is_secret": false,
        "is_verified": false,
        "line_number": 15,
        "type": "Secret Keyword",
        "verified_result": null
      }
    ],
    "test/e2e/testdata/clusterimagepolicy/simple-signedby2-mutate.yaml": [
      {
        "hashed_secret": "842aead05193389c5dcae32d145726af222a1d8e",
        "is_secret": false,
        "is_verified": false,
        "line_number": 13,
        "type": "Secret Keyword",
        "verified_result": null
      },
      {
        "hashed_secret": "fc27e33f1b1d99c6ea1b257978ae7082ac11305d",
        "is_secret": false,
        "is_verified": false,
        "line_number": 15,
        "type": "Secret Keyword",
        "verified_result": null
      }
    ],
    "test/e2e/testdata/clusterimagepolicy/simple-signedby2-nomutate.yaml": [
      {
        "hashed_secret": "842aead05193389c5dcae32d145726af222a1d8e",
        "is_secret": false,
        "is_verified": false,
        "line_number": 13,
        "type": "Secret Keyword",
        "verified_result": null
      },
      {
        "hashed_secret": "fc27e33f1b1d99c6ea1b257978ae7082ac11305d",
        "is_secret": false,
        "is_verified": false,
        "line_number": 15,
        "type": "Secret Keyword",
        "verified_result": null
      }
    ],
    "test/e2e/testdata/clusterimagepolicy/simple-signedby2.yaml": [
      {
        "hashed_secret": "842aead05193389c5dcae32d145726af222a1d8e",
        "is_secret": false,
        "is_verified": false,
        "line_number": 12,
        "type": "Secret Keyword",
        "verified_result": null
      },
      {
        "hashed_secret": "fc27e33f1b1d99c6ea1b257978ae7082ac11305d",
        "is_secret": false,
        "is_verified": false,
        "line_number": 14,
        "type": "Secret Keyword",
        "verified_result": null
      }
    ],
    "test/e2e/testdata/imagepolicy/allow-signed.yaml": [
      {
        "hashed_secret": "842aead05193389c5dcae32d145726af222a1d8e",
        "is_secret": false,
        "is_verified": false,
        "line_number": 13,
        "type": "Secret Keyword",
        "verified_result": null
      }
    ],
    "test/e2e/testdata/imagepolicy/simple-remap.yaml": [
      {
        "hashed_secret": "842aead05193389c5dcae32d145726af222a1d8e",
        "is_secret": false,
        "is_verified": false,
        "line_number": 12,
        "type": "Secret Keyword",
        "verified_result": null
      }
    ],
    "test/e2e/testdata/imagepolicy/simple-signedby1-keysecret-namespace-override.yaml": [
      {
        "hashed_secret": "0c70ff9d64093a7a37b4b4f46c1bab443ddb7fe0",
        "is_secret": false,
        "is_verified": false,
        "line_number": 11,
        "type": "Secret Keyword",
        "verified_result": null
      },
      {
        "hashed_secret": "842aead05193389c5dcae32d145726af222a1d8e",
        "is_secret": false,
        "is_verified": false,
        "line_number": 15,
        "type": "Secret Keyword",
        "verified_result": null
      }
    ],
    "test/e2e/testdata/imagepolicy/simple-signedby1.yaml": [
      {
        "hashed_secret": "0c70ff9d64093a7a37b4b4f46c1bab443ddb7fe0",
        "is_secret": false,
        "is_verified": false,
        "line_number": 11,
        "type": "Secret Keyword",
        "verified_result": null
      },
      {
        "hashed_secret": "842aead05193389c5dcae32d145726af222a1d8e",
        "is_secret": false,
        "is_verified": false,
        "line_number": 15,
        "type": "Secret Keyword",
        "verified_result": null
      }
    ],
    "test/e2e/testdata/imagepolicy/simple-signedby2-mutate.yaml": [
      {
        "hashed_secret": "842aead05193389c5dcae32d145726af222a1d8e",
        "is_secret": false,
        "is_verified": false,
        "line_number": 13,
        "type": "Secret Keyword",
        "verified_result": null
      },
      {
        "hashed_secret": "fc27e33f1b1d99c6ea1b257978ae7082ac11305d",
        "is_secret": false,
        "is_verified": false,
        "line_number": 15,
        "type": "Secret Keyword",
        "verified_result": null
      }
    ],
    "test/e2e/testdata/imagepolicy/simple-signedby2-nomutate.yaml": [
      {
        "hashed_secret": "842aead05193389c5dcae32d145726af222a1d8e",
        "is_secret": false,
        "is_verified": false,
        "line_number": 13,
        "type": "Secret Keyword",
        "verified_result": null
      },
      {
        "hashed_secret": "fc27e33f1b1d99c6ea1b257978ae7082ac11305d",
        "is_secret": false,
        "is_verified": false,
        "line_number": 15,
        "type": "Secret Keyword",
        "verified_result": null
      }
    ],
    "test/e2e/testdata/imagepolicy/simple-signedby2.yaml": [
      {
        "hashed_secret": "842aead05193389c5dcae32d145726af222a1d8e",
        "is_secret": false,
        "is_verified": false,
        "line_number": 12,
        "type": "Secret Keyword",
        "verified_result": null
      },
      {
        "hashed_secret": "fc27e33f1b1d99c6ea1b257978ae7082ac11305d",
        "is_secret": false,
        "is_verified": false,
        "line_number": 14,
        "type": "Secret Keyword",
        "verified_result": null
      }
    ],
    "test/e2e/testdata/imagepolicy/vulnerability-enabled-with-simple.yaml": [
      {
        "hashed_secret": "842aead05193389c5dcae32d145726af222a1d8e",
        "is_secret": false,
        "is_verified": false,
        "line_number": 12,
        "type": "Secret Keyword",
        "verified_result": null
      }
    ],
    "test/e2e/testdata/secret/sh.pubkey.yaml": [
      {
        "hashed_secret": "4ca54b96f63b8800393d00ecfcc064d8ecf543a6",
        "is_secret": false,
        "is_verified": false,
        "line_number": 10,
        "type": "Base64 High Entropy String",
        "verified_result": null
      },
      {
        "hashed_secret": "4f390d62619c81a7df9df5254d7a7cee59c3742e",
        "is_secret": false,
        "is_verified": false,
        "line_number": 11,
        "type": "Base64 High Entropy String",
        "verified_result": null
      },
      {
        "hashed_secret": "b1a07620be7daf49067f47fb8b3771095d728b43",
        "is_secret": false,
        "is_verified": false,
        "line_number": 12,
        "type": "Base64 High Entropy String",
        "verified_result": null
      },
      {
        "hashed_secret": "9bf33045086fa1e557cc5ecba3922f8f47839fc7",
        "is_secret": false,
        "is_verified": false,
        "line_number": 13,
        "type": "Base64 High Entropy String",
        "verified_result": null
      },
      {
        "hashed_secret": "e077529188417543345a0ef380a2e2c8c41fb701",
        "is_secret": false,
        "is_verified": false,
        "line_number": 14,
        "type": "Base64 High Entropy String",
        "verified_result": null
      },
      {
        "hashed_secret": "b8f14b4515054561563b680fa42350db818aa8a0",
        "is_secret": false,
        "is_verified": false,
        "line_number": 15,
        "type": "Base64 High Entropy String",
        "verified_result": null
      },
      {
        "hashed_secret": "af79848bf6497616e00013e24f304cb080ef1e91",
        "is_secret": false,
        "is_verified": false,
        "line_number": 16,
        "type": "Base64 High Entropy String",
        "verified_result": null
      },
      {
        "hashed_secret": "37ae710424c14b512707957488ad030f75b2fb72",
        "is_secret": false,
        "is_verified": false,
        "line_number": 17,
        "type": "Base64 High Entropy String",
        "verified_result": null
      },
      {
        "hashed_secret": "c980e644b07596a3699f593892efc4b233a525c5",
        "is_secret": false,
        "is_verified": false,
        "line_number": 18,
        "type": "Base64 High Entropy String",
        "verified_result": null
      },
      {
        "hashed_secret": "fb3b71ccfc7ed0cd9277d3791868268635326145",
        "is_secret": false,
        "is_verified": false,
        "line_number": 19,
        "type": "Base64 High Entropy String",
        "verified_result": null
      },
      {
        "hashed_secret": "1c9c8083a4a89d61a02969edef8e582d8792f683",
        "is_secret": false,
        "is_verified": false,
        "line_number": 20,
        "type": "Base64 High Entropy String",
        "verified_result": null
      },
      {
        "hashed_secret": "1f046ef25ec37ba83c215d38b2be530b4d9b9ff1",
        "is_secret": false,
        "is_verified": false,
        "line_number": 21,
        "type": "Base64 High Entropy String",
        "verified_result": null
      },
      {
        "hashed_secret": "28d16ea10d23c8ce2d28c87dd87bbd0a7d45cc51",
        "is_secret": false,
        "is_verified": false,
        "line_number": 22,
        "type": "Base64 High Entropy String",
        "verified_result": null
      },
      {
        "hashed_secret": "0032ec674e8fb1d0828217a0c2c0a6ffee5a3473",
        "is_secret": false,
        "is_verified": false,
        "line_number": 23,
        "type": "Base64 High Entropy String",
        "verified_result": null
      },
      {
        "hashed_secret": "f8b68fe998675212ada42afe2e1b40462bf4b09f",
        "is_secret": false,
        "is_verified": false,
        "line_number": 24,
        "type": "Base64 High Entropy String",
        "verified_result": null
      },
      {
        "hashed_secret": "81ad1d828f39165e00271c001605c61ad25da9b1",
        "is_secret": false,
        "is_verified": false,
        "line_number": 25,
        "type": "Base64 High Entropy String",
        "verified_result": null
      },
      {
        "hashed_secret": "686c91f51661a134e3e052b8be3eb4912d8892ed",
        "is_secret": false,
        "is_verified": false,
        "line_number": 26,
        "type": "Base64 High Entropy String",
        "verified_result": null
      },
      {
        "hashed_secret": "daf68fd5c3c73363868ff5ee994129614caf4512",
        "is_secret": false,
        "is_verified": false,
        "line_number": 27,
        "type": "Base64 High Entropy String",
        "verified_result": null
      },
      {
        "hashed_secret": "ffdc16c942b4164a53ea3f76c5ce6aa5ee5e1174",
        "is_secret": false,
        "is_verified": false,
        "line_number": 28,
        "type": "Base64 High Entropy String",
        "verified_result": null
      },
      {
        "hashed_secret": "1addafcaa9c487210feb6c344050f54684e43920",
        "is_secret": false,
        "is_verified": false,
        "line_number": 29,
        "type": "Base64 High Entropy String",
        "verified_result": null
      },
      {
        "hashed_secret": "b155d57ccf9f5c1b66a6b433ad5cef58cc85fa91",
        "is_secret": false,
        "is_verified": false,
        "line_number": 30,
        "type": "Base64 High Entropy String",
        "verified_result": null
      },
      {
        "hashed_secret": "cc243a5729d401ac7481d941e2473ed779576a6e",
        "is_secret": false,
        "is_verified": false,
        "line_number": 31,
        "type": "Base64 High Entropy String",
        "verified_result": null
      },
      {
        "hashed_secret": "4043e46a3064361e92a68fd9c38581378ca28a31",
        "is_secret": false,
        "is_verified": false,
        "line_number": 32,
        "type": "Base64 High Entropy String",
        "verified_result": null
      },
      {
        "hashed_secret": "a729929d6d67cae3968eeb63ed1da0eba7610c9e",
        "is_secret": false,
        "is_verified": false,
        "line_number": 33,
        "type": "Base64 High Entropy String",
        "verified_result": null
      },
      {
        "hashed_secret": "b7238f4e44ff4f2259a240e49bc662288516806c",
        "is_secret": false,
        "is_verified": false,
        "line_number": 34,
        "type": "Base64 High Entropy String",
        "verified_result": null
      },
      {
        "hashed_secret": "03c394fd52114d5aebb9ee8436292d1408a7ee52",
        "is_secret": false,
        "is_verified": false,
        "line_number": 35,
        "type": "Base64 High Entropy String",
        "verified_result": null
      },
      {
        "hashed_secret": "caea76b18230fe1ee6236f39e0d163f562711f5c",
        "is_secret": false,
        "is_verified": false,
        "line_number": 36,
        "type": "Base64 High Entropy String",
        "verified_result": null
      },
      {
        "hashed_secret": "9d23a8b27495e2c00807a3731316a6d7536329a5",
        "is_secret": false,
        "is_verified": false,
        "line_number": 37,
        "type": "Base64 High Entropy String",
        "verified_result": null
      },
      {
        "hashed_secret": "c6c7c34a3c821d694ed951c2ab4e2eb5f9a7f122",
        "is_secret": false,
        "is_verified": false,
        "line_number": 38,
        "type": "Base64 High Entropy String",
        "verified_result": null
      },
      {
        "hashed_secret": "08b470ee77302b5c5c995f599bcbc73cfc0a870c",
        "is_secret": false,
        "is_verified": false,
        "line_number": 39,
        "type": "Base64 High Entropy String",
        "verified_result": null
      },
      {
        "hashed_secret": "259613efbd7b86003719596ecc141b5f04bf27b3",
        "is_secret": false,
        "is_verified": false,
        "line_number": 40,
        "type": "Base64 High Entropy String",
        "verified_result": null
      },
      {
        "hashed_secret": "b7554181bd1bc6e1f56d04328c5409635cac499a",
        "is_secret": false,
        "is_verified": false,
        "line_number": 41,
        "type": "Base64 High Entropy String",
        "verified_result": null
      },
      {
        "hashed_secret": "3c5c8c369ed032fa551d92dc491acd335f483936",
        "is_secret": false,
        "is_verified": false,
        "line_number": 42,
        "type": "Base64 High Entropy String",
        "verified_result": null
      },
      {
        "hashed_secret": "107858d1d02dd46d51777fa819e1547f41972f65",
        "is_secret": false,
        "is_verified": false,
        "line_number": 43,
        "type": "Base64 High Entropy String",
        "verified_result": null
      },
      {
        "hashed_secret": "c2616df9f13433ffd666a34c29eedcc35277304d",
        "is_secret": false,
        "is_verified": false,
        "line_number": 44,
        "type": "Base64 High Entropy String",
        "verified_result": null
      },
      {
        "hashed_secret": "d4f9c89161627a718da0f327998699a1037d4aed",
        "is_secret": false,
        "is_verified": false,
        "line_number": 45,
        "type": "Base64 High Entropy String",
        "verified_result": null
      },
      {
        "hashed_secret": "0ee7d5d0f5bd5c320d7e0c3a15337efcb277a661",
        "is_secret": false,
        "is_verified": false,
        "line_number": 46,
        "type": "Base64 High Entropy String",
        "verified_result": null
      },
      {
        "hashed_secret": "375bf88be7833c70797fa3ead94262689a201216",
        "is_secret": false,
        "is_verified": false,
        "line_number": 47,
        "type": "Base64 High Entropy String",
        "verified_result": null
      },
      {
        "hashed_secret": "e3e6567955269039d99d307b6fe03cc39138e867",
        "is_secret": false,
        "is_verified": false,
        "line_number": 48,
        "type": "Base64 High Entropy String",
        "verified_result": null
      },
      {
        "hashed_secret": "02128c4b98e61cdf3f0415e41e52f3e7f742bcc7",
        "is_secret": false,
        "is_verified": false,
        "line_number": 49,
        "type": "Base64 High Entropy String",
        "verified_result": null
      },
      {
        "hashed_secret": "941e3e0ea370cf24d1ada5a36eb898c62421ed47",
        "is_secret": false,
        "is_verified": false,
        "line_number": 50,
        "type": "Base64 High Entropy String",
        "verified_result": null
      },
      {
        "hashed_secret": "f9318e097afc1adb2e024bd6a6f13a3491351503",
        "is_secret": false,
        "is_verified": false,
        "line_number": 51,
        "type": "Base64 High Entropy String",
        "verified_result": null
      },
      {
        "hashed_secret": "6e53162b3fd4de02e01aebd3bba96829764598dc",
        "is_secret": false,
        "is_verified": false,
        "line_number": 52,
        "type": "Base64 High Entropy String",
        "verified_result": null
      },
      {
        "hashed_secret": "f5e362153c098ccaf7cd94c5c0de58a36e0b519d",
        "is_secret": false,
        "is_verified": false,
        "line_number": 53,
        "type": "Base64 High Entropy String",
        "verified_result": null
      },
      {
        "hashed_secret": "66fa4c5bd34fe8f914f7ee69b206dae42c405826",
        "is_secret": false,
        "is_verified": false,
        "line_number": 54,
        "type": "Base64 High Entropy String",
        "verified_result": null
      },
      {
        "hashed_secret": "b1c2397ed527a3d9530a89843a4e4ddf3f46fe29",
        "is_secret": false,
        "is_verified": false,
        "line_number": 55,
        "type": "Base64 High Entropy String",
        "verified_result": null
      },
      {
        "hashed_secret": "0858324b54d8756939901525f6316383add58e0f",
        "is_secret": false,
        "is_verified": false,
        "line_number": 56,
        "type": "Base64 High Entropy String",
        "verified_result": null
      }
    ],
    "test/e2e/testdata/secret/signer1.pubkey.yaml": [
      {
        "hashed_secret": "012b696585a4b3d5bab2614e493819a05654182a",
        "is_secret": false,
        "is_verified": false,
        "line_number": 8,
        "type": "Base64 High Entropy String",
        "verified_result": null
      }
    ],
    "test/e2e/testdata/secret/signer2.pubkey.yaml": [
      {
        "hashed_secret": "90f3fa06c347704ec0d988fc866379f6a397339b",
        "is_secret": false,
        "is_verified": false,
        "line_number": 8,
        "type": "Base64 High Entropy String",
        "verified_result": null
      }
    ],
    "test/e2e/testdata/secret/simple1pubkey.yaml": [
      {
        "hashed_secret": "348c7b950ef9efb1ac18a27114f8638432af48be",
        "is_secret": false,
        "is_verified": false,
        "line_number": 10,
        "type": "Base64 High Entropy String",
        "verified_result": null
      },
      {
        "hashed_secret": "98fffb5a3a526229fdbc9daf9f56b67f7cb59d96",
        "is_secret": false,
        "is_verified": false,
        "line_number": 11,
        "type": "Base64 High Entropy String",
        "verified_result": null
      },
      {
        "hashed_secret": "1d9d2d7cde5b1ce0b0292ef6b47546cc2a6c43cb",
        "is_secret": false,
        "is_verified": false,
        "line_number": 12,
        "type": "Base64 High Entropy String",
        "verified_result": null
      },
      {
        "hashed_secret": "2e985e67394333b34dae41575d04dee44095371f",
        "is_secret": false,
        "is_verified": false,
        "line_number": 13,
        "type": "Base64 High Entropy String",
        "verified_result": null
      },
      {
        "hashed_secret": "0b8a53957fb3b5f432df00e5623afa10fbbb2c3a",
        "is_secret": false,
        "is_verified": false,
        "line_number": 14,
        "type": "Base64 High Entropy String",
        "verified_result": null
      },
      {
        "hashed_secret": "998a6447ca39dd2e07c053ad884e02e26b331130",
        "is_secret": false,
        "is_verified": false,
        "line_number": 15,
        "type": "Base64 High Entropy String",
        "verified_result": null
      },
      {
        "hashed_secret": "12ced701466316a4e148eb2aa043710d5bf1bc09",
        "is_secret": false,
        "is_verified": false,
        "line_number": 16,
        "type": "Base64 High Entropy String",
        "verified_result": null
      },
      {
        "hashed_secret": "e6763de91ea4a25c66389290dd35325025bbbf87",
        "is_secret": false,
        "is_verified": false,
        "line_number": 17,
        "type": "Base64 High Entropy String",
        "verified_result": null
      },
      {
        "hashed_secret": "6b64b0773dd542b52c73e749a3e20b02b0572143",
        "is_secret": false,
        "is_verified": false,
        "line_number": 18,
        "type": "Base64 High Entropy String",
        "verified_result": null
      },
      {
        "hashed_secret": "fac7b75ed8b59157e12753d8ca36e6bac0b9bafc",
        "is_secret": false,
        "is_verified": false,
        "line_number": 19,
        "type": "Base64 High Entropy String",
        "verified_result": null
      },
      {
        "hashed_secret": "677829eb198cf82b78552238954ac437791e810b",
        "is_secret": false,
        "is_verified": false,
        "line_number": 20,
        "type": "Base64 High Entropy String",
        "verified_result": null
      },
      {
        "hashed_secret": "8195a9bf14146659b91436082e06158e11b38385",
        "is_secret": false,
        "is_verified": false,
        "line_number": 21,
        "type": "Base64 High Entropy String",
        "verified_result": null
      },
      {
        "hashed_secret": "41608571fc188e25a5b457e74e0f585e423ac100",
        "is_secret": false,
        "is_verified": false,
        "line_number": 22,
        "type": "Base64 High Entropy String",
        "verified_result": null
      },
      {
        "hashed_secret": "c3e8345a6f443c3e73cfb21b31f10b799d64e044",
        "is_secret": false,
        "is_verified": false,
        "line_number": 23,
        "type": "Base64 High Entropy String",
        "verified_result": null
      },
      {
        "hashed_secret": "fe03aa7951e0228206ae8671311f9249031d041f",
        "is_secret": false,
        "is_verified": false,
        "line_number": 24,
        "type": "Base64 High Entropy String",
        "verified_result": null
      },
      {
        "hashed_secret": "2045c93c341c8633d5a3697a19cf216263f7b0fc",
        "is_secret": false,
        "is_verified": false,
        "line_number": 25,
        "type": "Base64 High Entropy String",
        "verified_result": null
      },
      {
        "hashed_secret": "3b67ebed0a1d0b2dc75177c64c478dbc6607e940",
        "is_secret": false,
        "is_verified": false,
        "line_number": 26,
        "type": "Base64 High Entropy String",
        "verified_result": null
      },
      {
        "hashed_secret": "da257645f1cf8d58200d27546f3bd49684be3155",
        "is_secret": false,
        "is_verified": false,
        "line_number": 27,
        "type": "Base64 High Entropy String",
        "verified_result": null
      },
      {
        "hashed_secret": "6cb48c2c22b689b7c458125455e16511bf558319",
        "is_secret": false,
        "is_verified": false,
        "line_number": 28,
        "type": "Base64 High Entropy String",
        "verified_result": null
      },
      {
        "hashed_secret": "6bfacfd89bf7c1bc79f220227c59d5ca238bfe5d",
        "is_secret": false,
        "is_verified": false,
        "line_number": 29,
        "type": "Base64 High Entropy String",
        "verified_result": null
      },
      {
        "hashed_secret": "5c94ea26d9d966b1b759af87372af509e5daa989",
        "is_secret": false,
        "is_verified": false,
        "line_number": 30,
        "type": "Base64 High Entropy String",
        "verified_result": null
      },
      {
        "hashed_secret": "e6e6d4fae4ae536c7b4da968c41505b881190ee8",
        "is_secret": false,
        "is_verified": false,
        "line_number": 31,
        "type": "Base64 High Entropy String",
        "verified_result": null
      },
      {
        "hashed_secret": "b57ba67be42a0a11bd39dca58bbbb70547d5c570",
        "is_secret": false,
        "is_verified": false,
        "line_number": 32,
        "type": "Base64 High Entropy String",
        "verified_result": null
      },
      {
        "hashed_secret": "f269c124d007131206dd729288dc75da4fb4afa4",
        "is_secret": false,
        "is_verified": false,
        "line_number": 33,
        "type": "Base64 High Entropy String",
        "verified_result": null
      },
      {
        "hashed_secret": "27bc3b04fa877ee347143167808fc5e99d3f27e7",
        "is_secret": false,
        "is_verified": false,
        "line_number": 34,
        "type": "Base64 High Entropy String",
        "verified_result": null
      }
    ],
    "test/e2e/testdata/secret/simple2pubkey.yaml": [
      {
        "hashed_secret": "b914f5b4f2e1be718cb1aa8cc0b4228b6571c283",
        "is_secret": false,
        "is_verified": false,
        "line_number": 10,
        "type": "Base64 High Entropy String",
        "verified_result": null
      },
      {
        "hashed_secret": "43048a88bcfe6a4cb5091e6fb18055a06e3a0d70",
        "is_secret": false,
        "is_verified": false,
        "line_number": 11,
        "type": "Base64 High Entropy String",
        "verified_result": null
      },
      {
        "hashed_secret": "e835e487c79d853f0ed68bda001f8b07dd0c9cd9",
        "is_secret": false,
        "is_verified": false,
        "line_number": 12,
        "type": "Base64 High Entropy String",
        "verified_result": null
      },
      {
        "hashed_secret": "6126468110a7d12d50edd18ee80e087e7627d3a7",
        "is_secret": false,
        "is_verified": false,
        "line_number": 13,
        "type": "Base64 High Entropy String",
        "verified_result": null
      },
      {
        "hashed_secret": "0a9d15e73ac5d87eb44e20dff87e88d1941b10ad",
        "is_secret": false,
        "is_verified": false,
        "line_number": 14,
        "type": "Base64 High Entropy String",
        "verified_result": null
      },
      {
        "hashed_secret": "b4190423d00d7c60a6c1fe77efa6bc2f3704d0e7",
        "is_secret": false,
        "is_verified": false,
        "line_number": 15,
        "type": "Base64 High Entropy String",
        "verified_result": null
      },
      {
        "hashed_secret": "c5720b3fe77d671c3ea20c561cac9941a8e92008",
        "is_secret": false,
        "is_verified": false,
        "line_number": 16,
        "type": "Base64 High Entropy String",
        "verified_result": null
      },
      {
        "hashed_secret": "1c245ecb69315b5c56bc5069512dfd418534f031",
        "is_secret": false,
        "is_verified": false,
        "line_number": 17,
        "type": "Base64 High Entropy String",
        "verified_result": null
      },
      {
        "hashed_secret": "74ae875981b578ecee7b8a386458b760008f2e16",
        "is_secret": false,
        "is_verified": false,
        "line_number": 18,
        "type": "Base64 High Entropy String",
        "verified_result": null
      },
      {
        "hashed_secret": "4ce1b5e286e0a7c1f735e13c52c6dae6ed8b6135",
        "is_secret": false,
        "is_verified": false,
        "line_number": 19,
        "type": "Base64 High Entropy String",
        "verified_result": null
      },
      {
        "hashed_secret": "7db22090390bc85231b7c4f0efb8207b9f646c9b",
        "is_secret": false,
        "is_verified": false,
        "line_number": 20,
        "type": "Base64 High Entropy String",
        "verified_result": null
      },
      {
        "hashed_secret": "b9bf2ab4348d4e183f62ec981c3dfc36732e0758",
        "is_secret": false,
        "is_verified": false,
        "line_number": 21,
        "type": "Base64 High Entropy String",
        "verified_result": null
      },
      {
        "hashed_secret": "9c9863b34e8e2d2c05d7ef5ff13a71977d1feeb2",
        "is_secret": false,
        "is_verified": false,
        "line_number": 22,
        "type": "Base64 High Entropy String",
        "verified_result": null
      },
      {
        "hashed_secret": "98b0ec7522f75fd9d3a64c3ea47096a93853d4c7",
        "is_secret": false,
        "is_verified": false,
        "line_number": 24,
        "type": "Base64 High Entropy String",
        "verified_result": null
      },
      {
        "hashed_secret": "72a847273a6a8a7843a0b761d1972274c6330640",
        "is_secret": false,
        "is_verified": false,
        "line_number": 25,
        "type": "Base64 High Entropy String",
        "verified_result": null
      },
      {
        "hashed_secret": "166e3a13b8a7fa7a07bf4a27698b33cb307a02ff",
        "is_secret": false,
        "is_verified": false,
        "line_number": 26,
        "type": "Base64 High Entropy String",
        "verified_result": null
      },
      {
        "hashed_secret": "d520f3052c30c71b3655cd66489b16047d95734e",
        "is_secret": false,
        "is_verified": false,
        "line_number": 27,
        "type": "Base64 High Entropy String",
        "verified_result": null
      },
      {
        "hashed_secret": "3b8571fb4e70ca2f0556140fbff9f7c8dcbece7b",
        "is_secret": false,
        "is_verified": false,
        "line_number": 28,
        "type": "Base64 High Entropy String",
        "verified_result": null
      },
      {
        "hashed_secret": "1b55bc4af8648a9923933a7e6f1c768163546b2a",
        "is_secret": false,
        "is_verified": false,
        "line_number": 29,
        "type": "Base64 High Entropy String",
        "verified_result": null
      },
      {
        "hashed_secret": "0de00f0e7a6296b7eaf8b060164ea9eed52a18fe",
        "is_secret": false,
        "is_verified": false,
        "line_number": 30,
        "type": "Base64 High Entropy String",
        "verified_result": null
      },
      {
        "hashed_secret": "d42c843559dd2c2f4b37602311ae182773b22358",
        "is_secret": false,
        "is_verified": false,
        "line_number": 31,
        "type": "Base64 High Entropy String",
        "verified_result": null
      },
      {
        "hashed_secret": "556f7969b47fca59c98a01a6a1840333b835a004",
        "is_secret": false,
        "is_verified": false,
        "line_number": 32,
        "type": "Base64 High Entropy String",
        "verified_result": null
      },
      {
        "hashed_secret": "06ed363eb84059ff124e1820cb0b5037ace4eaf8",
        "is_secret": false,
        "is_verified": false,
        "line_number": 33,
        "type": "Base64 High Entropy String",
        "verified_result": null
      },
      {
        "hashed_secret": "f03874aae07a737b248b293a139a947b0417465f",
        "is_secret": false,
        "is_verified": false,
        "line_number": 34,
        "type": "Base64 High Entropy String",
        "verified_result": null
      }
    ]
  },
  "version": "0.13.1+ibm.64.dss",
  "word_list": {
    "file": null,
    "hash": null
  }
}
